npm ERR! code ERESOLVE
npm ERR! ERESOLVE unable to resolve dependency tree
npm ERR! 
npm ERR! While resolving: labsid-react@0.0.0
npm ERR! Found: vite@2.9.18
npm ERR! node_modules/vite
npm ERR!   dev vite@"^2.9.7" from the root project
npm ERR! 
npm ERR! Could not resolve dependency:
npm ERR! peer vite@"^4.0.0 || ^5.0.0" from @storybook/react-vite@8.2.1
npm ERR! node_modules/@storybook/react-vite
npm ERR!   dev @storybook/react-vite@"*" from the root project
npm ERR! 
npm ERR! Fix the upstream dependency conflict, or retry
npm ERR! this command with --force or --legacy-peer-deps
npm ERR! to accept an incorrect (and potentially broken) dependency resolution.
npm ERR! 
npm ERR! 
npm ERR! For a full report see:
npm ERR! C:\Users\bruno\AppData\Local\npm-cache\_logs\2024-07-10T13_11_23_397Z-eresolve-report.txt

npm ERR! A complete log of this run can be found in:
npm ERR!     C:\Users\bruno\AppData\Local\npm-cache\_logs\2024-07-10T13_11_23_397Z-debug-0.log
